// Jest Snapshot v1, https://goo.gl/fbAQLP

exports[`check render Review 1`] = `
<li
  className="reviews__item"
>
  <div
    className="reviews__user user"
  >
    <div
      className="reviews__avatar-wrapper user__avatar-wrapper"
    >
      <img
        alt="Wood and stone place"
        className="reviews__avatar user__avatar"
        height="54"
        src="https://htmlacademy-react-3.appspot.com/six-cities/static/hotel/15.jpg"
        width="54"
      />
    </div>
    <span
      className="reviews__user-name"
    >
      Wood and stone place
    </span>
  </div>
  <div
    className="reviews__info"
  >
    <div
      className="reviews__rating rating"
    >
      <div
        className="reviews__stars rating__stars"
      >
        <span
          style={
            Object {
              "width": "20%",
            }
          }
        />
        <span
          className="visually-hidden"
        >
          Rating
        </span>
      </div>
    </div>
    <p
      className="reviews__text"
    >
      Done
    </p>
    <time
      className="reviews__time"
      dateTime="undefined NaN"
    >
      undefined NaN
    </time>
  </div>
</li>
`;
